Dd, Dd, Dd, Dd^Fds, Gs^Fds, Gg^Fms, Gg^Fms, Gs^Fds, Gs^Fds, Gs^Qhh, Gs, Rb^Qhh, Rb^Qhh, Gg, Gg, Gg^Qhhf, Gs^Qhhf, Gg^Qhhf, Gs^Qhhf, Gs^Fds, Gs^Qhhf, Gg^Qhhf, Gs^Qhhf, Gs^Qhhf, Gs^Qhhf, Rrd^Fdw, Hh^Qhh, Hh^Qhh, Hh^Qhh, Gg^Qhh, Gg^Qhhf, Hh^Qhh, Hh^Qhh, Hh^Qhh, Hh^Qhh, Dd^Fds, Gd, Ce, Ke, Ce, Rb, Gg^Efm, Gg^Efm, Gg, Rb, Rb, Gg^Fms, Gg^Fms, Rrd^Fms, Rrd^Fds, Gs^Fms, Rb
Rrd, Dd^Fdw, Rrd, Rrd, Rrd^Fdw, Gs^Fds, Gs^Fds, Gd^Fms, Gg^Fms, Gs^Qhh, Re^Vct, Rb^Qhh, Gd, Gd, Gg^Fms, Gs, Gs^Fms, Gs^Fds, Gs^Qhhf, Gs^Fds, Gs^Fms, Gs^Fds, Gs^Qhhf, Gs^Qhhf, Dd, Dd, Rrd, Hh^Qhh, Hh^Qhh, Hh^Qhhf, Hh^_mh, Hh^Qhhf, Hh^Qhh, Hh^Qhhf, Hh^Qhh, Ce^Edt, Gs^Edt, Ce, Ce, Rrd^Fdw, Re^Vct, Gg^Efm, Gs, Gg, Rb, Re, Gg^Fms, Gd^Fms, Gs^Fms, Gs^Fms, Gs^Fms, Gg^Fms
Rrd^Fdw, Dd, Rrd, Dd^Fds, Gs^Fds, Gs^Fds, Gs, Gs^Qhh, Ce^Qhh, Gd^Qhh, Gd, Re, Re, Gd, Gs, Gg^Fms, Gs, Gg^Qhhf, Gg^Qhhf, Gs^Fds, Gs^Qhhf, Gs^Qhhf, Dd, Dd, Dd, Rrd^Fdw, Dd^Dr, Gg, Gg, Hh^Qhh, Hh^Qhh, Hh^Qhhf, Hh^Qhh, Hh^Qhh, Gs, Gs, Gs^Edt, Gs, Gs, Gs, Rb, Gd, Rb, Re, Rrd^Fdw, Gd, Gd^Fms, Gd^Fms, Rrd^Fms, Gd^Fms, Gd^Fms, Gd^Fms
Rrd^Fdw, Rrd^Fdw, Dd, Dd, Gs, Gs, Ce, 8 Ke, Ce^Edt, Ce, Rb^Edt, Re, Re^Vct, Rb, Rb^Qhh, Re^Vct, Gg^Qhh, Hh^Qhh, Hh, Gg^Qhhf, Gg^Fms, Gg^Fms, Rrd^Fdw, Dd^Fdw, Gs, Gs, Gg^Fds, Dd^Fdw, Gg^Fds, Gg, Gg, Gg, Dd, Gg^Fms, Gg^Fds, Gg, Dd, Rrd, Dd, Gg^Fms, Dd^Fds, Rb, Gd, Rrd, Dd, Rrd^Fms, Dd^Fdw, Gg^Fms, Gd^Fds, Dd, Rrd^Fdw, Rrd
Gg, Rrd, Gs, Ce^Edt, Gs, Gs, Gd, Rb, Re, Re, Dd^Edt, Re^Vct, Gd, Dd, Gs, Gs^Qhh, Dd, Hh, Dd, Gg^Fms, Gg^Fms, Gg^Fms, Gs^Fms, Gg^Fds, Gg^Fds, Gg, Gg^Fds, Cv^Dr, Gg^Fds, Gg^Fds, Gg, Gg^Fds, Gd^Fdw, Gg, Gg^Fds, Gg^Fds, Rrd^Fdw, Rrd^Fdw, Gg^Fms, Dd^Fds, Gg^Fds, Rb, Rrd^Fdw, Re^Vct, Ds, Dd^Fdw, Rrd^Fdw, Rrd^Fdw, Gd, Dd^Fdw, Dd^Fdw, Rb
Gs, Gs^Fds, Dd, Gs, Rrd^Fdw, Dd, Dd, Ce^Edt, Gs^Qhh, Dd^Qhh, Dd^Qhh, Gd^Qhh, Gd, Gs, Gs^Qhh, Gs^Qhh, Dd, Dd, Rrd^Fdw, Dd^Fdw, Gg^Fds, Gg^Fms, Gs^Fds, Gs^Fms, Gg^Fds, Gg, Gg^Fds, Gg^Fds, Gg^Fds, Gg, Gg^Fds, Gg^Fds, Rrd, Gg, Dd, Gg^Fms, Dd^Fds, Dd, Gg^Fms, Dd^Fds, Rb, Gs, Gs, Rrd, Re^Vct, Dd, Rrd^Fdw, Rrd^Fdw, Rrd, Gs, Gd, Gd
Wwt, Gs^Fds, Dd^Fds, Rrd, Rrd, Dd, Rrd^Fdw, Dd, Dd^Qhh, Rrd^Fdw, Gs, Rrd^Fdw, Hh^Qhh, Hh^Qhh, Hh, Gg^Fms, Gg^Fds, Gg^Fms, Dd^Fdw, Gg^Fds, Gg^Fms, Gs^Fds, Gg^Fms, Gg^Fds, Gg^Fms, Cv, Gg^Fds, Gg^Fds, Gg^Fms, Gg^Fds, Gg^Fms, Cv, Gg^Fds, Gg^Fds, Dd, Rrd^Fdw, Rrd^Fdw, Rrd^Fdw, Gg^Fms, Rb, Ds, Gs, Re^Vct, Ce^Edt, 4 Ke, Re^Ecf, Dd, Ds, Dd^Fdw, Rrd^Fdw, Dd^Fdw, Dd^Fdw
Gs, Wwt, Wwt, Rrd^Fdw, Rrd, Rrd^Fdw, Dd, Rrd, Rrd^Qhh, Gs^_mh, Rrd^Qhh, Rrd^Qhh, Hh, Gg, Rrd, Dd^Fms, Gg^Fds, Gg, Gg, Gg^Fms, Gg^Fms, Gg^Fms, Gg^Fds, Gg^Fds, Gg, Gg^Fms, Gg^Fds, Gg, Wwt, Gg^Ve, Gg^Fet, Gg^Fds, Gg^Fds, Gg^Fds, Gg^Fds, Gg^Fms, Rrd^Fdw, Dd^Fds, Rb, Rb, Rb, Rb^Edt, Ce, Gd, Ce, Ce, Gs^Edt, Re, Gs, Dd^Fdw, Rrd^Fdw, Gd
Gs, Gs, Dd^Fdw, Wwt, Wwf, Rrd, Dd^Fms, Rrd, Rrd^Fdw, Dd^Qhh, Gs^Qhh, Hh, Gg, Dd, Rrd^Fdw, Dd^Fdw, Gg^Fds, Gg^Fds, Gg^Fds, Gg^Fds, Gg, Gg^Efm, Gg^Efm, Gg^Fms, Cv, Gg^Fms, Gg, Gg^Fds, Wwt, Wwt, Gg^Fds, Gg^Fds, Gg^Fms, Gg^Fds, Gg^Fms, Dd^Fdw, Dd^Fdw, Dd, Rrd^Fdw, Dd, Gd, Gs, Gd, Gd, Rb, Rb, Ce^Edt, Rb, Ce^Edt, Gd^Edt, Rb, Rrd
Dd^Fdw, Dd, Rrd, Rrd^Fdw, Wwf, Gg^Fds, Gg^Fms, Rrd, Gs^Qhh, Dd^Qhh, Gg^Efm, Hh, Gg^Fms, Dd^Fds, Gg, Gg^Fms, Gg^Fds, Gg^Fds, Gs, Gg^Fds, Gg, Gg^Efm, Gg^Fds, Cv, Kv, Gg^Fds, Gg^Fet, Gg^Fds, Gg^Fds, Gg^Fds, Gg^Fms, Gg^Fds, Gg^Fms, Gg^Fms, Rb, Dd, Rb, Rb, Gg, Gd, Gg, Dd, Rrd^Fdw, Dd, Dd, Gs, Gs^Edt, Re, 5 Ke, Ce, Re, Gs^Edt
Gg, Gs^Fds, Gg^Fms, Gg^Fms, Gg^Fms, Wwf, Rrd, Dd^Fds, Rrd^Fdw, Gg^Efm, Dd, Gg^Fms, Wwt, Gg, Wwt, Gg, Gs, Gs, Wwt, Gs, Wwt, Gs, Gg^Fms, Cv, Gg^Efm, Cv, Gg^Fms, Gg^Fms, Gg^Fms, Gg^Fds, Gg^Fds, Gg^Fds, Rb, Gg, Gg^Fds, Rrd^Fdw, Rb, Dd^Fdw, Dd^Fdw, Gg^Fds, Gg^Fds, Gs^Fms, Gs^Fms, Ds, Dd^Fdw, Re, Re, Ce^Edt, Ce, Ce, Rb, Re
Wwt, Gg, Gg^Fds, Gg^Fms, Gs^Fds, Wwf, Gg, Rrd, Dd, Dd, Gg^Fds, Rrd^Fdw, Wwt, Wot, Wot, Wwt, Wot, Wwt, Wwt, Wwt, Wot, Wwt, Wwt, Gg^Efm, Gg^Efm, Gg^Fms, Gg^Fms, Gg^Fms, Gg^Fds, Gg^Fds, Gg^Fds, Gg^Efm, Gg^Efm, Gg^Fms, Gg^Fds, Gg, Gg^Fds, Dd^Fdw, Gg^Fds, Rrd^Fdw, Gg^Fds, Rrd, Gg, Ds, Re, Re, Re^Vct, Gs, Re^Vct, Rb, Rb^Vct, Gs
Gs^Fds, Wwt, Gg^Fds, Gs^Fds, Wwt, Wwt, Dd^Fdw, Dd, Rrd^Fdw, Gg, Gg^Fds, Gg^Fds, Gg^Fds, Cv, Cv, Wot, Wot, Wwt, Gg^Fds, Wot, Wot, Wot, Gg^Fms, Gg^Fms, Gg, Gg^Efm, Gg, Gg^Fds, Gg^Fms, Gg^Fds, Gg^Efm, Gg^Efm, Gg, Gg^Fds, Gg^Fms, Gg^Fds, Gg^Fds, Gg^Fds, Gg^Fds, Gg^Fds, Gg^Fds, Rrd^Fdw, Dd^Fdw, Gg, Gg^Fds, Gs, Gs, Re, Re^Edt, Re^Ecf, Re, Rb
Gs^Fds, Wwt, Wwt, Wwt, Wwf, Gg, Gg^Fds, Gg^Fds, Gg^Fds, Gg^Fds, Cv^Fet, Gg^Fds, Gg^Fds, 2 Kv, Gg^Ve, Wot, Wwt, Gg^Fds, Cv, Gg^Fds, Wot, Wwt, Wwt, Gg^Fds, Gg^Ve, Gg^Fms, Gg^Fds, Gg, Gg^Efm, Gg^Efm, Gg^Fms, Gg, Gg^Fms, Gg^Fds, Gg^Fms, Cv, Rb, Gg^Fds, Gg^Fds, Gs^Fms, Gg^Fds, Dd^Fdw, Gg^Fds, Gg, Gs^Fms, Gs^Fms, Gg, Re^Edt, Gs^Edt, Rb^Vct, Re, Gs
Gs^Fds, Gs^Fms, Gg, Wwt, Gg^Fms, Gg^Fds, Gg, Gg^Fds, Gg^Fds, Gg^Fds, Gg^Fds, Gg, Gg, Gg, Gg^Fds, Wwt, Gg^Fet, Gg^Fds, Gg^Fds, Wwt, Wot, Wot, Wwt, Gg, Gg^Fds, Gg^Fds, Gg^Fds, Gg, Gg, Gg, Gg^Fms, Gg^Fms, Gg^Fms, Gg^Fms, Gg^Fds, Gg, Gg^Fds, Dd^Fdw, Gg^Fms, Gs^Fds, Gs, Gg^Fds, Gg^Fds, Gg^Fds, Gg, Gg^Edt, Gd, Gs, Gs, Gs, Rb^Vct, Rb^Vct
Gs^Fds, Gs^Fds, Gs^Fds, Wwt, Gg, Gg^Fms, Gg^Fms, Gg, Gg^Fds, Gg^Fds, Gg^Fds, Gg^Fds, Gg^Ve, Gg, Gg^Fds, Gg^Fds, Gg^Fds, Gg^Fms, Gg^Fds, Wwt, Wwt, Wwt, Wwt, Gg^Efm, Gg^Fms, Gg^Fds, Gg^Efm, Gg, Gg^Fds, Gg^Fds, Gg^Fms, Gg^Fms, Gg^Fms, Gg^Fms, Cv, Cv, Gg^Fds, Gg^Fds, Cv^Fet, Gg^Fms, Gs^Fds, Gs^Fds, Gg^Fds, Dd^Fdw, Gg, Gd, Rrd^Fdw, Dd, Gd, Rrd^Fdw, Dd^Fdw, Re^Vct
Gg, Gs^Fds, Gs^Fds, Wwt, Wwt, Gg, Gg^Fms, Gg, Gg^Fms, Gg^Fds, Gg^Fms, Gg^Fds, Gg, Gg, Cv, Gg^Fds, Gg^Fds, Gg^Fds, Gg^Fds, Gg^Fms, Gg^Fds, Gg^Fms, Gg^Efm, Gg^Efm, Gg, Gg, Gg^Fms, Gg^Efm, Gg, Gg^Fms, Gg^Fds, Gg^Ve, Gg^Fms, Gg^Fms, Gg, 3 Kv, Cv, Gg^Fds, Gg^Fds, Gg^Fds, Gg^Fds, Gg^Fms, Gg, Rrd^Fdw, Gs, Gs, Dd, Rrd^Fdw, Rrd^Fdw, Rrd^Fdw, Dd^Fdw, Rrd^Fdw
Gs^Fds, Gg^Fds, Gs^Fds, Wwt, Wwf, Gg^Fms, Gg^Fds, Gg, Gg, Gg^Fms, Gg^Fms, Gg^Fds, Gg^Fds, Gg^Fds, Gg^Fds, Gg^Fds, Gg, Gg^Ve, Gg^Fds, Gg^Fds, Gg, Gg^Fds, Gg^Fds, Gg, Gg^Fds, Gg, Gg, Gg^Fms, Gg^Fds, Gg^Fet, Gg^Fds, Gg^Fms, Gs^Fds, Gg^Fms, Gg^Ve, Gg, Gg, Gg^Fms, Gg^Fds, Gg^Fds, Gg, Gg, Gg^Fms, Gs, Gg^Fms, Gs, Gs, Rrd^Fdw, Gs, Gs, Rrd^Fdw, Dd^Fdw
Gg^Fms, Gs^Fds, Gg, Gg^Fms, Gg, Wwf, Gg, Gg, Gg^Fds, Gg, Gg, Gg^Fds, Gg, Gg, Gg^Fms, Gg, Gg^Fds, Gg, Gg^Efm, Gg, Gg^Fds, Gg^Fds, Gg^Fds, Gg^Fds, Gg^Efm, Gg^Efm, Dd^Fdw, Rrd, Gg^Fds, Gg^Fds, Gg^Fms, Gg^Fms, Gg^Fms, Gg, Gg, Gg, Gg^Fds, Gg^Fds, Gg^Fds, Gg^Fds, Gg, Gg, Gg, Gg^Fms, Gg^Fms, Rrd^Fdw, Dd, Gs, Rrd^Fdw, Dd, Dd, Rrd^Fdw
Gg^Fms, Gg, Gg^Fms, Gg, Gg^Fms, Wwt, Wwf, Gg^Fds, Gg^Fms, Gg, Gg^Fms, Gg^Fds, Gg^Fms, Gg, Gg, Gg^Fds, Gg, Gg^Efm, Gg^Efm, Gg^Efm, Gg^Efm, Gg^Fds, Gg^Fds, Gg^Fds, Dd^Fdw, Gg, Gd, Gg^Fds, Gg^Fds, Gg^Fds, Gg^Fms, Gg^Fms, Gg^Fms, Gg^Fms, Gg, Dd^Fdw, Dd^Fdw, Gg^Fds, Gg, Dd, Dd^Fdw, Dd, Dd, Gs, Gs, Hh, Gs, Gd, Gs, Gs, Gs^Edt, Gs
Gg, Gg, Gg^Fms, Gg^Fms, Gg^Ve, Wwt, Gg^Fds, Gg^Fds, Gg^Fms, Gg^Fds, Gg^Fms, Gg^Fms, Gg^Efm, Gg^Efm, Gg^Fds, Gg, Gg^Fms, Gg, Gg^Fds, Gg, Gg, Gg^Fds, Gg^Fds, Gg^Fds, Gg^Fds, Gs, Dd^Fdw, Gs, Gd, Gs, Gd, Gg^Fms, Gs, Gg^Fms, Dd, Gg^Fds, Dd^Fdw, Gg, Gg^Fds, Dd, Rrd^Qhu, Ce^Edt, Hh^Qhu, Rrd^Fdw, Hh, Gs, Dd, Rrd, Hh^Qhh, Dd^Fdw, Dd, Dd
Gg^Fms, Gg^Fms, Gg^Qhhf, Gg^Qhhf, Gg^Qhhf, Wwt, Wwt, Gg^Fds, Gg^Fms, Gg^Fms, Gg^Fms, Gg^Fds, Gg^Fds, Gg^Efm, Gg^Fms, Gg^Fms, Gg^Fms, Gg^Fds, Gg^Fds, Gg^Fds, Gg^Fds, Gg^Fms, Gg^Fms, Gg^Fds, Gs, Gs, Dd, Dd^Fdw, Gs, Gs, Rrd, Gs, Dd, Gs, Gg^Fds, Gg, Rrd^Qhu, Rrd, Gs^Qhu, Gs^Qhu, Dd^Fdw, Gs^Qhu, Hh, Hh^Qhu, Hh^Qhh, Hh^Qhh, Hh^Qhh, Hh^Qhh, Hh^Qhh, Hh^Efm, Gg, Dd
Gg, Gg^Qhh, Gg^Fds, Gg^Fms, Gg^Fms, Gg^Qhhf, Gg^Qhhf, Wwt, Wwt, Gg^Fms, Gg^Fds, Gg^Fds, Gg, Gg^Fms, Gg^Fms, Gg^Fds, Gg^Fms, Gg^Fds, Gg^Fds, Gg^Fds, Gg^Fds, Gg^Fms, Gg^Fds, Gs, Gs, Rb^Vct, Dd, Rrd, Rrd^Qhuf, Gs^Qhu, Gd^Qhu, Gd, Dd, Dd, Dd^Qhu, Dd^Qhu, Rrd^Fdw, Rrd^Qhu, Dd, Dd, Rrd, Hh, Rrd, Hh, Rb^Vct, Hh^Qhh, Hh^Efm, Hh^Qhh, Hh, Gg, Gg, Gg
Gg^Qhh, Gg^Qhhf, Gg^Fms, Gg^Fms, Gg^Fms, Gg^Fms, Gg^Fds, Gg^Qhhf, Wwt, Gg^Fms, Gg^Fds, Gg^Fds, Gg^Fds, Gg, Gg^Fms, Gg^Ve, Gg, Gg^Fds, Gg^Fds, Gg^Fds, Gg^Efm, Gg^Fds, Gg^Fds, Rb^Vct, Gs^Qhu, Gs^Qhu, Dd^Qhu, Dd^Qhuf, Rrd^Fdw, Gd, Gs, Gd^Qhu, Gd^Qhu, Gs^Qhu, Gs, Dd, Dd, Dd, Gd, Dd, Dd^Fdw, Dd, Dd, Re^Vct, Re, Hh, Gd, Hh, Wwt, Wwt, Wwt, Wwt
Gg^Qhh, Gg, Gg, Gg, Gg^Fds, Gg, Gg^Qhhf, Gg^Qhhf, Gg^Efm, Wwt, Wwt, Gg, Gg, Gg^Fms, Gg^Fms, Gg^Fms, Gg^Fms, Gg^Fds, Dd, Gg^Fds, Gg^Fds, Dd, Gs^Qhu, Gs^Qhu, Gs, Rb^Vct, Rb, Gd, Ce^Edt, Gs, Ce, Gd, Gg, Rrd^Fdw, Dd, Gg^Fds, Gg^Fms, Re^Vct, Re^Fds, Dd, Rrd, Ce^Edt, 6 Ke, Ce, Wwt, Rb^Vct, Wwt, Wwt, Wwt, Wwt, Wwt, Wwt
Gg, Gg^Fds, Gg^Qhhf, Gg^Fds, Gg^Qhhf, Gg^Qhh, Gg^_mh, Gg^Qhhf, Gg^Qhhf, Wwt, Gg, Gg^Fds, Gg^Fms, Gg^Fms, Gg^Fms, Gg^Fms, Gg^Fms, Gg^Efm, Dd^Fdw, Rrd, Dd^Qhu, Gs^Qhu, Rb^Vct, Rb, Gd^Ecf, Gd, Rb, Ce, 7 Ke, Gs, Ce^Edt, Ce, Rrd, Dd, Wwt, Gg^Fms, Wwt, Gg^Fms, Gs^Edt, Gs^Edt, Gs^Edt, Ce^Edt, Wwt, Wwt, Wwt, Wwt, Wot, Wot, Wot, Wot, Wot, Wot
Gg, Gg^Fms, Gg^Qhhf, Gg^Fds, Gg^Fds, Gg^Fds, Gg^Fms, Gg^Fms, Gg^Qhhf, Wwt, Wwt, Gg^Fms, Gg^Fds, Gg^Fms, Gg^Fds, Gg^Fms, Gg, Gg^Fds, Gg^Fds, Dd^Qhu, Dd^_ml, Rb^Vct, Gs, Rb, Rb, Rb^Vct, Rb^Edt, Ce^Edt, Gs, Rb, Wwt, Gs, Wwt, Wwt, Wot, Wwt, Wwt, Wwt, Wwt, Gg^Fds, Wwt, Wwt, Wwt, Wwt, Wwt, Wwt, Wot, Wot, Wot, Wot, Wot, Wot
Gg, Gg, Gg^Qhhf, Gg^Qhhf, Gg^Qhhf, Gg^Qhhf, Gg^Qhh, Gg^Qhhf, Gg^Qhh, Wwt, Wwt, Gg^Fds, Gg^Fds, Gg^Fds, Gg^Fds, Gg, Gg, Rrd, Gs, Dd^Qhu, Dd^Qhu, Dd, Rb^Qhu, Rb, Gs, Gd, Wwt, Wwt, Wwt, Wwt, Wwt, Wwt, Wwt, Wot, Wot, Wot, Wot, Wwt, Wwt, Wwt, Wwt, Wwt, Wot, Wot, Wot, Wot, Wot, Wot, Wot, Wot, Wot, Wot
