Wo, Wo, Wo, Wo, Wo, Wo, Wo, Ww, Wo, Wo, Wo, Wo, Wo, Wo, Wo, Wo, Wo, Wo, Wo, Wo, Wo, Wo, Wo, Wo, Wo, Ww, Ww, Ww, Ww, Ww, Ww, Ww, Ww, Ww, Ww, Ww
Wo, Wo, Wo, Wo, Wo, Wo, Wo, Ww, Wo, Wo, Wo, Wo, Wo, Wo, Wo, Wo, Wo, Wo, Wo, Wo, Wo, Wo, Wo, Wo, Wo, Ww, Ww, Ww, Ww, Ww, Ww, Ww, Ww, Ww, Ww, Ww
Wo, Wo, Wo, Wo, Wo, Wo, Wo, Wo, Wo, Wo, Wo, Wo, Wo, Wo, Wo, Wo, Wo, Wo, Wo, Ww, Ww, Wo, Wo, Wo, Wo, Wo, Ww, Ww, Ww, Ww, Ww, Ww, Ww, Ww, Wo, Wo
Wo, Wo, Wo, Wo, Wo, Wo, Wo, Wo, Ww, Wo, Wo, Wo, Wo, Wo, Wo, Wo, Wo, Wo, Wo, Wo, Wo, Wo, Wo, Wo, Wo, Wo, Ww, Ww, Ww, Ww, Ww, Ww, Ww, Ww, Ww, Ww
Wo, Wo, Wo, Wo, Wo, Wo, Ww, Ww, Ww, Ww, Ww, Ww, Ww, Wo, Ww, Wo, Wo, Wo, Wo, Wo, Wo, Wo, Ww, Wo, Ww, Ww, Ww, Ww, Ww, Ww, Ww, Ww, Ww, Ww, Ww, Ww
Wo, Wo, Wo, Wo, Ww, Ww, Ww, Ww, Ww, Ww, Ww, Ww, Ww, Ww, Ww, Ww, Wo, Wo, Wo, Wo, Wo, Wo, Ww, Ww, Ww, Ww, Ww, Ww, Ww, Ww, Gg^Edt, Gg, Gs, Gs, Re^Gvs, Rb^Gvs
Ww, Ww, Wo, Wo, Ww, Ww, Ww, Ww, Rp, Gg, Rp, Ww^Bw/, Ww, Ww, Ww, Ww, Ww, Wo, Wo, Wo, Wo, Wo, Ww, Ww, Ww, Ww, Ww, Ww, Rr^Edt, Rr^Vhc, Ch, Re^Gvs, Re^Gvs, Re^Gvs, Rb^Gvs, Rb^Gvs
Ww, Ww, Ww, Ww, Ww, Ww, Ww, Gs, Ch, Rp^Vhc, Rr^Ebn, Gs, Rr^Vhc, Ww, Rp, Ww^Bw/, Ww, Ww, Ww, Wo, Ww, Ww, Ww, Ww, Ww^Bw\, Ww, Ww, Ww^Bw\, Rp, 3 Ch^Kov, Gg^Edt, Re^Gvs, Rb^Gvs, Rb^Gvs, Rb^Gvs, Rb^Gvs
Ww, Ww, Ww, Ww, Ww, Ww, Ww, Ch, Rr^Vhc, Gs, Rp, Ch, 2 Kh, Ch, Rp, Gs^Edt, Gg^Fds, Ww, Ww, Ww, Ww, Ww^Bw\, Rr, Ww, Rr, Rr, Rr^Ebn, Rp, Rr, Ch^Edt, Re^Gvs, Rb^Gvs, Rb^Gvs, Rb^Gvs, Gs, Rb^Gvs
Ww, Ww, Ww, Ww, Ww, Ww, Ch, Ch^Edt, Gs^Edt, Rr, Rp, Rp, Ch^Edt, Rr, Rr^Vhc, Rp^Vhc, Gs^Fms, Gg^Fds, Rr, Ww, Ww^Bsb/, Rr, Rp, Rr, Rp, Rr^Vhc, Rr, Rr^Vhc, Rr, Rp, Rp, Gg, Rr, Rp, Rr, Rr
Ww, Ww, Ww, Ww, Ww, Ds, Gg, Gg, Rr^Ebn, Rr, Rr, Rr, Rr, Rr^Edt, Rr, Rr^Ebn, Rp, Rr, Rr, Rr^Edt, Ww, Rr, Gg^Edt, Ch^Edt, Gg, Gg^Fds, Gg^Fms, Ch, Gg, Rr, Gg, Rr, Gg, Gg, Rb, Rb
Ds, Ww, Gg, Ww, Ds, Ds, Rp, Rp, Gg, Rr^Vhc, Ch, Gs^Fms, Gg, Rr, Gg^Fds, Rp, Gg, Rr, Ch, Gg, Ww, Gg, Re, Re^Edt, Re^Gvs, Gg, Re^Gvs, Gg, Gg, Gg, Rb^Gvs, Rb^Gvs, Re^Gvs, Rb^Gvs, Rb^Gvs, Rb
Rr, Ds, Rr, Gg, Rr, Rr, Rp, Gg, Gs^Fms, Ch, Gg, Ch, Re, Re, Ch, Ch, Gg, Gg^Edt, Gg, Gg, Ww, Ce^Edt, 4 Ke, Re, Re^Gvs, Re^Gvs, Rb^Gvs, Rb^Gvs, Re^Gvs, Rb^Gvs, Gs^Vh, Re^Gvs, Re^Gvs, Rb^Gvs, Re, Re
Gg^Qhh, Rr, Gg^Qhh, Rr, Gg, Rp, Gg, Gs, Gs, Gg, Gg^Fds, Gg, Re, Gg, Gs^Fms, Gs^Fms, Gg, Gg, Ww, Ww, Gg, Ce, Ce, Re^Vct, Rb^Gvs, Rb^Gvs, Rb^Gvs, Rb^Gvs, Rb^Gvs, Rb^Gvs, Rb^Gvs, Re^Gvs, Re, Rb^Gvs, Re^Gvs, Re
Gg^Qhhf, Gg^Qhh, Gg^_mh, Gg^Qhh, Gg^Qhh, Gg, Gg, Gs, Gs, Gg^Fds, Gg^Fds, Gg^Fds, Gs, Gg, Gg, Gg, Gg^Fds, Gs^Fds, Ww, Gs^Fds, Gg, Gg, Gg, Rb^Gvs, Rb^Gvs, Rb^Gvs, Rb^Gvs, Rb^Gvs, Re^Gvs, Re^Gvs, Re^Gvs, Re^Gvs, Re^Gvs, Re^Gvs, Re^Gvs, Re
Gg^Qhhf, Gg^Fds, Gg^Qhhf, Gg^Edt, Gg^Fds, Gg^Qhhf, Gg^Qhh, Gs^Qhh, Gs^Qhh, Gs, Gs, Gs^Fms, Re, Gg, Gg^Fds, Gg^Vl, Gg^Fds, Gs^Fds, Ww, Ww, Ww, Gg, Rb^Gvs, Rb^Gvs, Rb, Rb, Rb, Re^Gvs, Rb, Rb^Gvs, Rb^Gvs, Rb^Gvs, Rb^Gvs, Re^Gvs, Rb^Gvs, Rb
Gg^Qhhf, Gg^Fds, Gg^Fds, Gg^Edt, Gg, Gg, Gg^Fms, Gg^Fms, Gg^Fds, Gg^Qhh, Gs^Qhh, Gg, Gg, Re, Gg, Gg^Fds, Ww, Ww, Rb^Gvs, Rb^Gvs, Ww, Gg, Gg, Gg, Ww, Gg, Ww, Rb^Qhh, Rb^Qhh, Re^Gvs, Rb^Qhh, Rb^Gvs, Rb^Gvs, Rb^Gvs, Rb^Qhh, Rb^Qhh
Gg^Qhh, Gg^Qhh, Cer, Re^Qhh, Cer^Edt, Gg^Edt, Gg, Gg^Fms, Gg, Gg, Gg, Gg^Qhh, Gg^Fds, Gs, Ww, Ww, Gg, Rb^Gvs, Rb^Gvs, Rb^Gvs, Re, Wwf, Wwf, Ww, Gs^Fds, Ww, Gs^Fds, Ww, Gg^Qhh, Rb, Rb^Qhh, Gs^Vh, Re^Qhh, Rb^Qhh, Rb^Gvs, Gg^Qhh
Gg^Qhh, 5 Ker, Cer^Edt, Re^Qhh, Re^Edt, Re, Re^Gvs, Gg^Vhr, Re^Gvs, Re^Gvs, Gs^Fms, Gg^Qhh, Gg^Qhh, Re, Wwf, Gg, Re^Gvs, Re^Gvs, Gs^Vh, Rb^Gvs, Rb^Gvs, Re, Gg, Gg, Re^Gvs, Gg, Gg, Ww, Wwf, Gg^Qhh, Re, Re^Gvs, Re^Gvs, Re^Gvs, Re^Gvs, Gs^Qhh
Gg^Qhh, Cer^Edt, Re^Edt, Re, Re^Gvs, Re^Gvs, Rb^Gvs, Re^Gvs, Re^Gvs, Re, Gg^Fds, Gg^Fds, Ce, Ce^Qhh, Ce^Qhh, Wwf, Re^Gvs, Re^Gvs, Re^Gvs, Rb^Gvs, Rb^Gvs, Rb^Gvs, Rb^Gvs, Re^Gvs, Rb^Gvs, Rb^Gvs, Rb^Gvs, Gg, Wwf, Gg^Qhh, Gg^Qhh, Gg, Gg^Qhh, Re^Qhh, Re^Gvs, Gg^Qhh
Re^Gvs, Re^Gvs, Re^Gvs, Re^Vhr, Rb^Gvs, Re^Gvs, Rb^Gvs, Re^Gvs, Re^Gvs, Re, Re, Gg, Ce, Ke, Ce^Qhh, Wwf, Re^Gvs, Rb^Gvs, Rb^Gvs, Re^Gvs, Re^Gvs, Rb^Gvs, Rb^Gvs, Rb^Gvs, Rb^Gvs, Rb^Vwm, Rb^Gvs, Gg, Re, Wwf, Wwf, Gg^Qhh, Gg^Qhh, Gg, Gg^_mh, Gg^Qhh
Rb, Rb^Gvs, Rb^Gvs, Rb^Gvs, Re^Gvs, Re^Gvs, Re^Gvs, Re^Gvs, Re, Re^Gvs, Re^Gvs, Re^Gvs, Gg^Fds, Re, Gg^Qhh, Wwf, Re, Re, Re, Rb^Gvs, Rb^Gvs, Rb^Gvs, Rb^Gvs, Rb^Gvs, Rb^Gvs, Re^Gvs, Re^Gvs, Re^Gvs, Rb, Re, Gg, Ww, Gg, Gg^Qhh, Gg^Qhh, Gg^Qhh
