Hh, Hh, Hh, Hh, Hh, Gg, Gg, Gg, Hh, Hh, Gg^Efm, Gg, Gg^Efm, Gg, Rb, Rb, Gg^Eff, Gg^Eff, Rb, Aa, Aa, Rb, Re, Re, Aa, Aa, Aa, Aa, Aa, Re, Aa, Aa, Aa, Gg
Gg, Hh, Gg, Hh, Hh, Gg, Gll^Fmw, Hh, Hh, Hh, Hh, Gg, Gg, Rb, Rb, Gg, Gg, Gg^Eff, Gg^Eff, Aa, Rb, Aa, Rb, Rb, Re^Es, Re, Re, Aa, Aa, Aa, Re, Aa, Aa^Eff, Aa
Gg, Gg, Gg, Hh, Ww, Gll^Fmw, Gll^Fdw, Gll^Fmw, Gll^Fmw, Hh, Gg, Gg^Es, Gg, Gg, Gg, Re, Re, Gg^Eff, Gg^Eff, Rb, Rb, Aa, Rb, Rb, Rb, Re, Aa, Aa, Re, Re, Gs^Eff, Gs^Eff, Aa, Aa^Eff
Hh, Gg, Gs, Gg^Qhh, Hh^Qhh, Ww, Ww^Ewl, Hh^Fdw, Gg, Gll^Fmw, Gg, Gs^Efm, Gs^Efm, Gs, Gll^Fmw, Gg, Re, Re, Gg, Gg^Eff, Gs^Eff, Rb, Rb, Rb, Gs, Re, Gg, Re, Gg^Eff, Gg^Eff, Re, Re, Aa, Aa
Gg^Qhh, Hh, Hh, Hh, Ha^Qhh, Ww^Ewl, Ww^Ewf, Ww, Gll^Fdw, Gg, Gll^Fdw, Gs, Gs^Efm, Gs^Efm, Gs, Gll^Fmw, Gll^Fmw, Re, Gs, Gs^Efm, Gs^Efm, Gs^Vh, Gg, Gs, Gg, Gg, Gg^Es, Gg, Gg, Gg, Re, Rb^Es, Rb, Aa
Gg^Qhh, Hh, Hh, Gs, Aa, Aa^Qhh, Aa^Qhh, Ww, Gg^Es, Gll^Fdw, Gll^Fdw, Gll^Fdw, Gs^Efm, Gs^Efm, Gll^Fmw, Gll^Fmw, Gg, Re^Es, Re, Gg^Efm, Gs^Efm, Gs^Efm, Rb, Rb, Rb, Rb, Rb, Aa, Aa, Aa, Aa, Re, Rb, Rb
Gg^Qhh, Gg, Ha^Fda, Ha, Ha, Ha, Ha, Aa^Qhh, Gll^Fdw, Gg, Gg, Gg, Gg, Gs, Gs, Gs, Gll^Fmw, Gg, Rb, Gs, Rb, Rb, Rb, Rb, Rb, Rb, Aa, Aa, Re, Aa, Aa, Aa, Aa, Rb
Hh^Fdw, Hh^Fdw, Hh^Fdw, Ha, Hh, Ha, Ha, Aa^Qhh, Gll^Fdw, Gll^Fdw, Hh, Gg, Gs, Gll^Fdw, Gll^Fdw, Gll^Fmw, Gll^Fdw, Gg, Re, Rb, Rb, Rb, Rb^Es, Rb, Rb, Re, Re, Re, Re, Re, Re^Eff, Gs^Vh, Gs, Gs^Efm
Hh^Fdw, Hh^Fdw, Hh^Fdw, Hh^Fdw, Gll^Fmw, Hh, Hh^Fdw, Hh^Qhh, Gg^Qhh, Gll^Fdw, Gll^Fdw, Hh, Gll^Fdw, Gll^Fdw, Gll^Fdw, Gll^Fdw, Gg, Rb, Re, Re, Re, Rb, Re, Re, Rb, Rb, Gg^Eff, Re, Rb^Eff, Re^Eff, Aa, Re, Aa, Aa
Gg^Qhh, Hh^Fdw, Ha^Fda, Hh^Fdw, Hh^Fdw, Hh^Fdw, Hh^Fdw, Gs^Vl, Gs^Fms, Gg^Qhh, Gs^Qhhf, Gll^Fmw, Gg, Gg^Es, Gll^Fdw, Gll^Fdw, Gg, Re, Gg, Gg^Es, Re, Re, Re^Vh, Re, Gg, Rb, Rb, Rb^Eff, Re^Eff, Rb, Rb, Aa, Aa, Aa
Ha^Fda, Ha^Fda, Hh^Fdw, Hh^Fdw, Hh^Fdw, Hh^Fdw, Hh^Fdw, Hh^Fdw, Gll^Fmw, Gs^Fms, Gll^Qhh, Gll^Qhhf, Gll^Qhh, Gg^Qhh, Gll^Qhhf, Gll^Qhhf, Aa, Re, Rb, Re, Rb, Re, Re, Gg, Gs, Rb, Gs, Rb, Gs, Re^Eff, Re, Aa, Aa, Aa
Ha, Ha, Ha, Hh^Fdw, Hh^Fdw, Hh^Fp, Hh^Fdw, Gll^Fmw, Gll^Fmw, Gll^Fmw, Gs^Fms, Gll^Fp, Gg^_mh, Gll^Fdw, Gll^Qhhf, Aa, Aa, Rb, Rb, Rb, Re^Wm, Re, Aa, Aa^Eff, Aa^Eff, Gs^Fmw, Gll^Fmw, Gs^Fmw, Gll^Fmw, Rb, Re, Re, Aa, Aa
Hh, Ha, Hh^Fdw, Hh, Gs, Gs, Gll^Fdw, Gll^Fmw, Gs^Qhh, Gs^Qhh, Gg^Qhh, Gg^Qhh, Gg^Qhh, Gll^Qhhf, Aa, Aa^Es, Rb, Rb, Re, Re, Re, Re, Gg^Eff, Aa^Eff, Aa, Aa^Fma, Aa^Fda, Gll^Fdw, Gll^Fdw, Gs, Gg, Re^Es, Aa, Aa
Re, Hh^Fdw, Gll^Fmw, Gs, Gll^Fmw, Gs, Gs^Qhhf, Gs^Qhh, Gll^Fmw, Gll^Fmw, Gll^Fdw, Gll^Fdw, Gll^Fdw, Gg, Gll, Aa, Rb, Gg, Gg, Re, Gg, Gg^Eff, Aa^Fma, Aa, Aa^Fda, Aa^Fda, Gll^Fmw, Gs, Hh, Gll^Fdw, Gll^Fdw, Gs^Vh, Aa, Aa
Re, Re, Gs^Qhh, Gll^Fmw, Re, Gg^Qhh, Rb, Re, Rb, Gs^Fp, Gs, Gll^Fdw, Gll^Fmw, Gll, Rb, Rb, Re, Re, Re, Re, Re, Gg, Aa^Fda, Aa^Fda, Aa^Fpa, Aa^Fda, Gll^Fmw, Hh^Fmw, Hh, Gll^Fdw, Gll^Fdw, Gg, Gg, Aa
Re, Re, Re, Re, Re, Re, Rb, Rb, Rb, Gs, Gs, Gs, Re, Gll, Rb, Rb, Re, Re, Gg, Gg, Re, Re, Rb, Re^Ecf, Re, Re^Vct, Ce, Gs^Fmw, Hh^Fmw, Hh, Hh, Gll^Fdw, Gg, Gg
Re, Re, Rb, Re, Rb, Rb, Rb, Rb, Gg^Vh, Gg^Efm, Gg^Efm, Re, Gs, Rb, Rb, Rb, Re, Re, Gll^Fmw, Gll^Fdw, Gll^Fdw, Gg, Gll^Fmw, Rb, Gs^Fp, Re, 3 Ke, Ce, Hh^Fdw, Hh^Fdw, Hh, Gg, Gll^Fdw, Gg
Hh^Fds, Re, Hh, Rb, Hh, Rb, Rb, Rb, Re, Re, Gg, Re, Ch, Re, Re, Rb, Gg^Eff, Gg^Eff, Gll^Fmw, Gll^Fdw, Gll^Fmw, Gg^Efm, Gll^Fmw, Gll^Fdw, Gll^Fmw, Ce, Gs, Gll^Fdw, Gs^Qhhf, Hh, Hh, Gll^Fdw, Gll^Fdw, Gg
Hh^Fds, Hh^Fds, Hh^Qhh, Hh^Qhh, Hh^Qhh, Hh^Qhh, Gs, Gs, Gs, Re, Re^Es, Re, Gg^Ebn, Gg^Eff, Gs^Eff, Gs^Eff, Re^Vct, Gll^Fmw, Gll^Fdw, Gll^Fdw, Gg^Efm, Gg^Efm, Gs^Fp, Gll^Fdw, Gll^Fmw, Gll^Fmw, Hh^Qhhf, Hh^Qhhf, Mm^Qhh, Ha^Qhh, Ha^Qhh, Hh, Hh, Gg
Hh^Qhh, Hh^Qhh, Wo, Wo, Wo, Gg^Efm, Wo, Ww, Ch, Ch, Ch, Re, Re, Re, Re, Re, Ch, Ch, Ww, Ww, Ww, Hh^Fmw, Hh^Qhhf, Hh^Qhhf, Hh^Qhhf, Hh^Qhh, Hh^Qhh, Ha^Qhh, Ms^Qhh, Ms^Qhh, Ms^Qhh, Ha^Qhh, Ha^Qhh, Hh
Hh^Qhh, Wo, Wo, Wo, Wo, Wo, Ww, Wo, Wwf, 2 Kh, Wwf, Ww, Ww, Re^Vct, Re, Gs^Efm, Ww, Ww, Wo, Wo, Wo, Ww, Gg, Hh^Qhh, Hh^Qhhf, Ha^Qhh, Hh^Qhh, Mm^Qhh, Ha^Qhh, Ms^Qhh, Ms^Qhh, Ms^Qhh, Hh^Qhh, Hh
Wo, Wo, Ww, Wo, Ww, Ww, Ww, Ww, Ww, Wwf, Wwf, Ww, Ww^Ewf, Ww^Ewf, Ch, Gs, Ww, Wo, Ww, Ww, Ww, Ww, Ww, Gs^Fmw, Wo, Wo, Wo, Hh^Qhh, Hh, Ha^Qhh, Ha^Qhh, Ha^Qhh, Hh^Qhh, Hh^Qhh
